OK     200   276ms     4908B  github_search          
OK     200   181ms     5497B  github_repos           
OK     200   298ms     5824B  github_repo            
OK     200   159ms        2B  github_releases        
OK     200   464ms   813886B  master_site_catalog    
OK     200    71ms   192973B  pypi_json              
OK     200    73ms     3065B  npm_registry           
OK     200    97ms     1138B  wikimedia_pageviews    
OK     200   108ms    28725B  federal_register       
OK     200   184ms       31B  usgs_fdsn              
OK     200   171ms     4501B  hn_firebase            
OK     200   186ms     2497B  arxiv                  
OK     200   246ms      509B  pubmed                 
OK     200   176ms     9323B  clinicaltrials         
OK     200   897ms    15451B  openalex               
OK     200  2106ms    14870B  crossref               
OK     200   154ms      890B  stackexchange          
OK     200   119ms      625B  huggingface            
OK     200   635ms   254520B  nws_alerts             
OK     200   179ms      302B  worldbank              
OK     200   862ms     3064B  ecb_sdmx               
OK     200   459ms       85B  frankfurter            
ERR    403   245ms     2165B  sec_edgar              HTTPError: HTTP 403 Forbidden
OK     200   373ms     8531B  census_acs             
OK     200   312ms     3024B  bls                    
OK     200   363ms      438B  nominatim              
OK     200  1279ms     1066B  europepmc              
OK     200    84ms     2917B  kalshi_public          
OK     200   127ms     1647B  mlb_statsapi           
OK     200   181ms   123687B  nhl_web                
ERR    403    92ms      445B  nba_cdn                HTTPError: HTTP 403 Forbidden

29 ok / 2 failed → /home/runner/work/MasterSelfLearn/MasterSelfLearn/data/source_health.json
